Archive member included because of file (symbol)

d:/atmel studio/extensions/atmel/avrgcc/3.4.1.95/avrtoolchain/bin/../lib/gcc/avr/4.6.2/avr5\libgcc.a(_exit.o)
                              d:/atmel studio/extensions/atmel/avrgcc/3.4.1.95/avrtoolchain/bin/../lib/gcc/avr/4.6.2/../../../../avr/lib/avr5/crtm328p.o (exit)
d:/atmel studio/extensions/atmel/avrgcc/3.4.1.95/avrtoolchain/bin/../lib/gcc/avr/4.6.2/avr5\libgcc.a(_copy_data.o)
                              SDcm02_sample.o (__do_copy_data)
d:/atmel studio/extensions/atmel/avrgcc/3.4.1.95/avrtoolchain/bin/../lib/gcc/avr/4.6.2/avr5\libgcc.a(_clear_bss.o)
                              SDcm02_sample.o (__do_clear_bss)
d:/atmel studio/extensions/atmel/avrgcc/3.4.1.95/avrtoolchain/bin/../lib/gcc/avr/4.6.2/../../../../avr/lib/avr5\libc.a(toupper.o)
                              sd_L3.o (toupper)
d:/atmel studio/extensions/atmel/avrgcc/3.4.1.95/avrtoolchain/bin/../lib/gcc/avr/4.6.2/../../../../avr/lib/avr5\libc.a(memcpy.o)
                              sd_L3.o (memcpy)
d:/atmel studio/extensions/atmel/avrgcc/3.4.1.95/avrtoolchain/bin/../lib/gcc/avr/4.6.2/../../../../avr/lib/avr5\libc.a(strncmp.o)
                              sd_L3.o (strncmp)

Allocating common symbols
Common symbol       size              file

sd_buf              0x200             sd_L2.o
sd_L3_tempdirent    0x20              sd_L3.o
sd_L3_tempfp        0x2               sd_L3.o

Memory Configuration

Name             Origin             Length             Attributes
text             0x00000000         0x00020000         xr
data             0x00800060         0x0000ffa0         rw !x
eeprom           0x00810000         0x00010000         rw !x
fuse             0x00820000         0x00000400         rw !x
lock             0x00830000         0x00000400         rw !x
signature        0x00840000         0x00000400         rw !x
*default*        0x00000000         0xffffffff

Linker script and memory map

Address of section .data set to 0x800100
LOAD d:/atmel studio/extensions/atmel/avrgcc/3.4.1.95/avrtoolchain/bin/../lib/gcc/avr/4.6.2/../../../../avr/lib/avr5/crtm328p.o
LOAD SDcm02_sample.o
LOAD sd_L3.o
LOAD sd_common.o
LOAD sd_L1.o
LOAD sd_L2.o
LOAD delay.o
START GROUP
END GROUP
LOAD d:/atmel studio/extensions/atmel/avrgcc/3.4.1.95/avrtoolchain/bin/../lib/gcc/avr/4.6.2/avr5\libgcc.a
LOAD d:/atmel studio/extensions/atmel/avrgcc/3.4.1.95/avrtoolchain/bin/../lib/gcc/avr/4.6.2/../../../../avr/lib/avr5\libc.a
LOAD d:/atmel studio/extensions/atmel/avrgcc/3.4.1.95/avrtoolchain/bin/../lib/gcc/avr/4.6.2/avr5\libgcc.a

.hash
 *(.hash)

.dynsym
 *(.dynsym)

.dynstr
 *(.dynstr)

.gnu.version
 *(.gnu.version)

.gnu.version_d
 *(.gnu.version_d)

.gnu.version_r
 *(.gnu.version_r)

.rel.init
 *(.rel.init)

.rela.init
 *(.rela.init)

.rel.text
 *(.rel.text)
 *(.rel.text.*)
 *(.rel.gnu.linkonce.t*)

.rela.text
 *(.rela.text)
 *(.rela.text.*)
 *(.rela.gnu.linkonce.t*)

.rel.fini
 *(.rel.fini)

.rela.fini
 *(.rela.fini)

.rel.rodata
 *(.rel.rodata)
 *(.rel.rodata.*)
 *(.rel.gnu.linkonce.r*)

.rela.rodata
 *(.rela.rodata)
 *(.rela.rodata.*)
 *(.rela.gnu.linkonce.r*)

.rel.data
 *(.rel.data)
 *(.rel.data.*)
 *(.rel.gnu.linkonce.d*)

.rela.data
 *(.rela.data)
 *(.rela.data.*)
 *(.rela.gnu.linkonce.d*)

.rel.ctors
 *(.rel.ctors)

.rela.ctors
 *(.rela.ctors)

.rel.dtors
 *(.rel.dtors)

.rela.dtors
 *(.rela.dtors)

.rel.got
 *(.rel.got)

.rela.got
 *(.rela.got)

.rel.bss
 *(.rel.bss)

.rela.bss
 *(.rela.bss)

.rel.plt
 *(.rel.plt)

.rela.plt
 *(.rela.plt)

.text           0x00000000     0x1a56
 *(.vectors)
 .vectors       0x00000000       0x68 d:/atmel studio/extensions/atmel/avrgcc/3.4.1.95/avrtoolchain/bin/../lib/gcc/avr/4.6.2/../../../../avr/lib/avr5/crtm328p.o
                0x00000000                __vector_default
                0x00000000                __vectors
 *(.vectors)
 *(.progmem.gcc*)
 *(.progmem*)
                0x00000068                . = ALIGN (0x2)
                0x00000068                __trampolines_start = .
 *(.trampolines)
 .trampolines   0x00000068        0x0 linker stubs
 *(.trampolines*)
                0x00000068                __trampolines_end = .
 *(.jumptables)
 *(.jumptables*)
 *(.lowtext)
 *(.lowtext*)
                0x00000068                __ctors_start = .
 *(.ctors)
                0x00000068                __ctors_end = .
                0x00000068                __dtors_start = .
 *(.dtors)
                0x00000068                __dtors_end = .
 SORT(*)(.ctors)
 SORT(*)(.dtors)
 *(.init0)
 .init0         0x00000068        0x0 d:/atmel studio/extensions/atmel/avrgcc/3.4.1.95/avrtoolchain/bin/../lib/gcc/avr/4.6.2/../../../../avr/lib/avr5/crtm328p.o
                0x00000068                __init
 *(.init0)
 *(.init1)
 *(.init1)
 *(.init2)
 .init2         0x00000068        0xc d:/atmel studio/extensions/atmel/avrgcc/3.4.1.95/avrtoolchain/bin/../lib/gcc/avr/4.6.2/../../../../avr/lib/avr5/crtm328p.o
 *(.init2)
 *(.init3)
 *(.init3)
 *(.init4)
 .init4         0x00000074       0x16 d:/atmel studio/extensions/atmel/avrgcc/3.4.1.95/avrtoolchain/bin/../lib/gcc/avr/4.6.2/avr5\libgcc.a(_copy_data.o)
                0x00000074                __do_copy_data
 .init4         0x0000008a       0x10 d:/atmel studio/extensions/atmel/avrgcc/3.4.1.95/avrtoolchain/bin/../lib/gcc/avr/4.6.2/avr5\libgcc.a(_clear_bss.o)
                0x0000008a                __do_clear_bss
 *(.init4)
 *(.init5)
 *(.init5)
 *(.init6)
 *(.init6)
 *(.init7)
 *(.init7)
 *(.init8)
 *(.init8)
 *(.init9)
 .init9         0x0000009a        0x8 d:/atmel studio/extensions/atmel/avrgcc/3.4.1.95/avrtoolchain/bin/../lib/gcc/avr/4.6.2/../../../../avr/lib/avr5/crtm328p.o
 *(.init9)
 *(.text)
 .text          0x000000a2        0x4 d:/atmel studio/extensions/atmel/avrgcc/3.4.1.95/avrtoolchain/bin/../lib/gcc/avr/4.6.2/../../../../avr/lib/avr5/crtm328p.o
                0x000000a2                __vector_22
                0x000000a2                __vector_1
                0x000000a2                __vector_24
                0x000000a2                __vector_12
                0x000000a2                __bad_interrupt
                0x000000a2                __vector_6
                0x000000a2                __vector_3
                0x000000a2                __vector_23
                0x000000a2                __vector_25
                0x000000a2                __vector_11
                0x000000a2                __vector_13
                0x000000a2                __vector_17
                0x000000a2                __vector_19
                0x000000a2                __vector_7
                0x000000a2                __vector_5
                0x000000a2                __vector_4
                0x000000a2                __vector_9
                0x000000a2                __vector_2
                0x000000a2                __vector_21
                0x000000a2                __vector_15
                0x000000a2                __vector_8
                0x000000a2                __vector_14
                0x000000a2                __vector_10
                0x000000a2                __vector_16
                0x000000a2                __vector_18
                0x000000a2                __vector_20
 .text          0x000000a6       0x2c SDcm02_sample.o
                0x000000a6                USART_Init
                0x000000c4                USART_getc
 .text          0x000000d2      0xfb8 sd_L3.o
                0x000000d2                sd_L3_fatentryio
                0x00000248                sd_L3_alloccl
                0x000002fe                sd_L3_freecl
                0x00000360                sd_L3_convdirname
                0x000003fa                sd_L3_seek2sect
                0x00000540                sd_L3_read
                0x0000067e                sd_L3_lseek
                0x000006d6                sd_L3_finddir
                0x00000766                sd_L3_sync
                0x00000864                sd_L3_write
                0x000009e0                sd_L3_open
                0x00000c72                sd_L3_close
                0x00000c90                sd_L3_unlink
                0x00000d38                sd_L3_mount
                0x00001054                sd_L3_unmount
 .text          0x0000108a       0x12 sd_common.o
                0x0000108a                sd_log2
 .text          0x0000109c      0x562 sd_L1.o
                0x0000109c                sd_L0_init
                0x000010b0                sd_L0_term
                0x000010b4                sd_L0_send
                0x000010be                sd_L0_recv
                0x000010ee                sd_L1_crc7
                0x0000112e                sd_L1_crc16
                0x000011b8                sd_L1_cmd_r1
                0x0000124a                sd_L1_open
                0x000012da                sd_L1_close
                0x000012de                sd_L1_read
                0x000013b8                sd_L1_write
                0x0000148e                sd_L1_getinfo
 .text          0x000015fe      0x246 sd_L2.o
                0x000015fe                sd_L2_open
                0x000016f8                sd_L2_close
                0x00001746                sd_L2_read
                0x000017d4                sd_L2_write
 .text          0x00001844       0x28 delay.o
                0x00001844                delay_50uTimes
                0x00001856                delay_1mTimes
 .text          0x0000186c        0x0 d:/atmel studio/extensions/atmel/avrgcc/3.4.1.95/avrtoolchain/bin/../lib/gcc/avr/4.6.2/avr5\libgcc.a(_exit.o)
 .text          0x0000186c        0x0 d:/atmel studio/extensions/atmel/avrgcc/3.4.1.95/avrtoolchain/bin/../lib/gcc/avr/4.6.2/avr5\libgcc.a(_copy_data.o)
 .text          0x0000186c        0x0 d:/atmel studio/extensions/atmel/avrgcc/3.4.1.95/avrtoolchain/bin/../lib/gcc/avr/4.6.2/avr5\libgcc.a(_clear_bss.o)
 .text          0x0000186c        0x0 d:/atmel studio/extensions/atmel/avrgcc/3.4.1.95/avrtoolchain/bin/../lib/gcc/avr/4.6.2/../../../../avr/lib/avr5\libc.a(toupper.o)
 .text          0x0000186c        0x0 d:/atmel studio/extensions/atmel/avrgcc/3.4.1.95/avrtoolchain/bin/../lib/gcc/avr/4.6.2/../../../../avr/lib/avr5\libc.a(memcpy.o)
 .text          0x0000186c        0x0 d:/atmel studio/extensions/atmel/avrgcc/3.4.1.95/avrtoolchain/bin/../lib/gcc/avr/4.6.2/../../../../avr/lib/avr5\libc.a(strncmp.o)
                0x0000186c                . = ALIGN (0x2)
 *(.text.*)
 .text.startup  0x0000186c      0x1a8 SDcm02_sample.o
                0x0000186c                main
 .text.libgcc   0x00001a14        0x0 d:/atmel studio/extensions/atmel/avrgcc/3.4.1.95/avrtoolchain/bin/../lib/gcc/avr/4.6.2/avr5\libgcc.a(_exit.o)
 .text.libgcc   0x00001a14        0x0 d:/atmel studio/extensions/atmel/avrgcc/3.4.1.95/avrtoolchain/bin/../lib/gcc/avr/4.6.2/avr5\libgcc.a(_copy_data.o)
 .text.libgcc   0x00001a14        0x0 d:/atmel studio/extensions/atmel/avrgcc/3.4.1.95/avrtoolchain/bin/../lib/gcc/avr/4.6.2/avr5\libgcc.a(_clear_bss.o)
 .text.avr-libc
                0x00001a14       0x10 d:/atmel studio/extensions/atmel/avrgcc/3.4.1.95/avrtoolchain/bin/../lib/gcc/avr/4.6.2/../../../../avr/lib/avr5\libc.a(toupper.o)
                0x00001a14                toupper
 .text.avr-libc
                0x00001a24       0x12 d:/atmel studio/extensions/atmel/avrgcc/3.4.1.95/avrtoolchain/bin/../lib/gcc/avr/4.6.2/../../../../avr/lib/avr5\libc.a(memcpy.o)
                0x00001a24                memcpy
 .text.avr-libc
                0x00001a36       0x1c d:/atmel studio/extensions/atmel/avrgcc/3.4.1.95/avrtoolchain/bin/../lib/gcc/avr/4.6.2/../../../../avr/lib/avr5\libc.a(strncmp.o)
                0x00001a36                strncmp
                0x00001a52                . = ALIGN (0x2)
 *(.fini9)
 .fini9         0x00001a52        0x0 d:/atmel studio/extensions/atmel/avrgcc/3.4.1.95/avrtoolchain/bin/../lib/gcc/avr/4.6.2/avr5\libgcc.a(_exit.o)
                0x00001a52                _exit
                0x00001a52                exit
 *(.fini9)
 *(.fini8)
 *(.fini8)
 *(.fini7)
 *(.fini7)
 *(.fini6)
 *(.fini6)
 *(.fini5)
 *(.fini5)
 *(.fini4)
 *(.fini4)
 *(.fini3)
 *(.fini3)
 *(.fini2)
 *(.fini2)
 *(.fini1)
 *(.fini1)
 *(.fini0)
 .fini0         0x00001a52        0x4 d:/atmel studio/extensions/atmel/avrgcc/3.4.1.95/avrtoolchain/bin/../lib/gcc/avr/4.6.2/avr5\libgcc.a(_exit.o)
 *(.fini0)
                0x00001a56                _etext = .

.data           0x00800100       0xa0 load address 0x00001a56
                0x00800100                PROVIDE (__data_start, .)
 *(.data)
 .data          0x00800100        0x0 d:/atmel studio/extensions/atmel/avrgcc/3.4.1.95/avrtoolchain/bin/../lib/gcc/avr/4.6.2/../../../../avr/lib/avr5/crtm328p.o
 .data          0x00800100       0x19 SDcm02_sample.o
 .data          0x00800119       0x77 sd_L3.o
                0x00800119                sd_L3_fdtbl
                0x00800155                sd_L3_vol
                0x0080017d                sd_L3_NowDate
 .data          0x00800190        0x0 sd_common.o
 .data          0x00800190        0x0 sd_L1.o
 .data          0x00800190       0x10 sd_L2.o
                0x00800190                sd_L2_part
 .data          0x008001a0        0x0 delay.o
 .data          0x008001a0        0x0 d:/atmel studio/extensions/atmel/avrgcc/3.4.1.95/avrtoolchain/bin/../lib/gcc/avr/4.6.2/avr5\libgcc.a(_exit.o)
 .data          0x008001a0        0x0 d:/atmel studio/extensions/atmel/avrgcc/3.4.1.95/avrtoolchain/bin/../lib/gcc/avr/4.6.2/avr5\libgcc.a(_copy_data.o)
 .data          0x008001a0        0x0 d:/atmel studio/extensions/atmel/avrgcc/3.4.1.95/avrtoolchain/bin/../lib/gcc/avr/4.6.2/avr5\libgcc.a(_clear_bss.o)
 .data          0x008001a0        0x0 d:/atmel studio/extensions/atmel/avrgcc/3.4.1.95/avrtoolchain/bin/../lib/gcc/avr/4.6.2/../../../../avr/lib/avr5\libc.a(toupper.o)
 .data          0x008001a0        0x0 d:/atmel studio/extensions/atmel/avrgcc/3.4.1.95/avrtoolchain/bin/../lib/gcc/avr/4.6.2/../../../../avr/lib/avr5\libc.a(memcpy.o)
 .data          0x008001a0        0x0 d:/atmel studio/extensions/atmel/avrgcc/3.4.1.95/avrtoolchain/bin/../lib/gcc/avr/4.6.2/../../../../avr/lib/avr5\libc.a(strncmp.o)
 *(.data*)
 *(.rodata)
 *(.rodata*)
 *(.gnu.linkonce.d*)
                0x008001a0                . = ALIGN (0x2)
                0x008001a0                _edata = .
                0x008001a0                PROVIDE (__data_end, .)

.bss            0x008001a0      0x226
                0x008001a0                PROVIDE (__bss_start, .)
 *(.bss)
 .bss           0x008001a0        0x0 d:/atmel studio/extensions/atmel/avrgcc/3.4.1.95/avrtoolchain/bin/../lib/gcc/avr/4.6.2/../../../../avr/lib/avr5/crtm328p.o
 .bss           0x008001a0        0x0 SDcm02_sample.o
 .bss           0x008001a0        0x3 sd_L3.o
                0x008001a0                sd_L3_NowTime
                0x008001a2                sd_L3_NowTimeTenth
 .bss           0x008001a3        0x1 sd_common.o
                0x008001a3                sd_errno
 .bss           0x008001a4        0x0 sd_L1.o
 .bss           0x008001a4        0x0 sd_L2.o
 .bss           0x008001a4        0x0 delay.o
 .bss           0x008001a4        0x0 d:/atmel studio/extensions/atmel/avrgcc/3.4.1.95/avrtoolchain/bin/../lib/gcc/avr/4.6.2/avr5\libgcc.a(_exit.o)
 .bss           0x008001a4        0x0 d:/atmel studio/extensions/atmel/avrgcc/3.4.1.95/avrtoolchain/bin/../lib/gcc/avr/4.6.2/avr5\libgcc.a(_copy_data.o)
 .bss           0x008001a4        0x0 d:/atmel studio/extensions/atmel/avrgcc/3.4.1.95/avrtoolchain/bin/../lib/gcc/avr/4.6.2/avr5\libgcc.a(_clear_bss.o)
 .bss           0x008001a4        0x0 d:/atmel studio/extensions/atmel/avrgcc/3.4.1.95/avrtoolchain/bin/../lib/gcc/avr/4.6.2/../../../../avr/lib/avr5\libc.a(toupper.o)
 .bss           0x008001a4        0x0 d:/atmel studio/extensions/atmel/avrgcc/3.4.1.95/avrtoolchain/bin/../lib/gcc/avr/4.6.2/../../../../avr/lib/avr5\libc.a(memcpy.o)
 .bss           0x008001a4        0x0 d:/atmel studio/extensions/atmel/avrgcc/3.4.1.95/avrtoolchain/bin/../lib/gcc/avr/4.6.2/../../../../avr/lib/avr5\libc.a(strncmp.o)
 *(.bss*)
 *(COMMON)
 COMMON         0x008001a4       0x22 sd_L3.o
                0x008001a4                sd_L3_tempdirent
                0x008001c4                sd_L3_tempfp
 COMMON         0x008001c6      0x200 sd_L2.o
                0x008001c6                sd_buf
                0x008003c6                PROVIDE (__bss_end, .)
                0x00001a56                __data_load_start = LOADADDR (.data)
                0x00001af6                __data_load_end = (__data_load_start + SIZEOF (.data))

.noinit         0x008003c6        0x0
                0x008003c6                PROVIDE (__noinit_start, .)
 *(.noinit*)
                0x008003c6                PROVIDE (__noinit_end, .)
                0x008003c6                _end = .
                0x008003c6                PROVIDE (__heap_start, .)

.eeprom         0x00810000        0x0
 *(.eeprom*)
                0x00810000                __eeprom_end = .

.fuse
 *(.fuse)
 *(.lfuse)
 *(.hfuse)
 *(.efuse)

.lock
 *(.lock*)

.signature
 *(.signature*)

.stab           0x00000000      0x8ac
 *(.stab)
 .stab          0x00000000      0x6cc d:/atmel studio/extensions/atmel/avrgcc/3.4.1.95/avrtoolchain/bin/../lib/gcc/avr/4.6.2/../../../../avr/lib/avr5/crtm328p.o
 .stab          0x000006cc       0x9c d:/atmel studio/extensions/atmel/avrgcc/3.4.1.95/avrtoolchain/bin/../lib/gcc/avr/4.6.2/../../../../avr/lib/avr5\libc.a(toupper.o)
                                 0xa8 (size before relaxing)
 .stab          0x00000768       0x84 d:/atmel studio/extensions/atmel/avrgcc/3.4.1.95/avrtoolchain/bin/../lib/gcc/avr/4.6.2/../../../../avr/lib/avr5\libc.a(memcpy.o)
                                 0x90 (size before relaxing)
 .stab          0x000007ec       0xc0 d:/atmel studio/extensions/atmel/avrgcc/3.4.1.95/avrtoolchain/bin/../lib/gcc/avr/4.6.2/../../../../avr/lib/avr5\libc.a(strncmp.o)
                                 0xcc (size before relaxing)

.stabstr        0x00000000      0x1b6
 *(.stabstr)
 .stabstr       0x00000000      0x1b6 d:/atmel studio/extensions/atmel/avrgcc/3.4.1.95/avrtoolchain/bin/../lib/gcc/avr/4.6.2/../../../../avr/lib/avr5/crtm328p.o

.stab.excl
 *(.stab.excl)

.stab.exclstr
 *(.stab.exclstr)

.stab.index
 *(.stab.index)

.stab.indexstr
 *(.stab.indexstr)

.comment
 *(.comment)

.debug
 *(.debug)

.line
 *(.line)

.debug_srcinfo
 *(.debug_srcinfo)

.debug_sfnames
 *(.debug_sfnames)

.debug_aranges  0x00000000      0x128
 *(.debug_aranges)
 .debug_aranges
                0x00000000       0x28 SDcm02_sample.o
 .debug_aranges
                0x00000028       0x20 sd_L3.o
 .debug_aranges
                0x00000048       0x20 sd_common.o
 .debug_aranges
                0x00000068       0x20 sd_L1.o
 .debug_aranges
                0x00000088       0x20 sd_L2.o
 .debug_aranges
                0x000000a8       0x20 delay.o
 .debug_aranges
                0x000000c8       0x20 d:/atmel studio/extensions/atmel/avrgcc/3.4.1.95/avrtoolchain/bin/../lib/gcc/avr/4.6.2/avr5\libgcc.a(_exit.o)
 .debug_aranges
                0x000000e8       0x20 d:/atmel studio/extensions/atmel/avrgcc/3.4.1.95/avrtoolchain/bin/../lib/gcc/avr/4.6.2/avr5\libgcc.a(_copy_data.o)
 .debug_aranges
                0x00000108       0x20 d:/atmel studio/extensions/atmel/avrgcc/3.4.1.95/avrtoolchain/bin/../lib/gcc/avr/4.6.2/avr5\libgcc.a(_clear_bss.o)

.debug_pubnames
 *(.debug_pubnames)

.debug_info     0x00000000     0x1f20
 *(.debug_info)
 .debug_info    0x00000000      0x378 SDcm02_sample.o
 .debug_info    0x00000378      0xeef sd_L3.o
 .debug_info    0x00001267       0x85 sd_common.o
 .debug_info    0x000012ec      0x4cf sd_L1.o
 .debug_info    0x000017bb      0x383 sd_L2.o
 .debug_info    0x00001b3e      0x14b delay.o
 .debug_info    0x00001c89       0xdd d:/atmel studio/extensions/atmel/avrgcc/3.4.1.95/avrtoolchain/bin/../lib/gcc/avr/4.6.2/avr5\libgcc.a(_exit.o)
 .debug_info    0x00001d66       0xdd d:/atmel studio/extensions/atmel/avrgcc/3.4.1.95/avrtoolchain/bin/../lib/gcc/avr/4.6.2/avr5\libgcc.a(_copy_data.o)
 .debug_info    0x00001e43       0xdd d:/atmel studio/extensions/atmel/avrgcc/3.4.1.95/avrtoolchain/bin/../lib/gcc/avr/4.6.2/avr5\libgcc.a(_clear_bss.o)
 *(.gnu.linkonce.wi.*)

.debug_abbrev   0x00000000      0x834
 *(.debug_abbrev)
 .debug_abbrev  0x00000000      0x11e SDcm02_sample.o
 .debug_abbrev  0x0000011e      0x29c sd_L3.o
 .debug_abbrev  0x000003ba       0x67 sd_common.o
 .debug_abbrev  0x00000421      0x19f sd_L1.o
 .debug_abbrev  0x000005c0      0x143 sd_L2.o
 .debug_abbrev  0x00000703       0xf5 delay.o
 .debug_abbrev  0x000007f8       0x14 d:/atmel studio/extensions/atmel/avrgcc/3.4.1.95/avrtoolchain/bin/../lib/gcc/avr/4.6.2/avr5\libgcc.a(_exit.o)
 .debug_abbrev  0x0000080c       0x14 d:/atmel studio/extensions/atmel/avrgcc/3.4.1.95/avrtoolchain/bin/../lib/gcc/avr/4.6.2/avr5\libgcc.a(_copy_data.o)
 .debug_abbrev  0x00000820       0x14 d:/atmel studio/extensions/atmel/avrgcc/3.4.1.95/avrtoolchain/bin/../lib/gcc/avr/4.6.2/avr5\libgcc.a(_clear_bss.o)

.debug_line     0x00000000      0xaa9
 *(.debug_line)
 .debug_line    0x00000000      0x191 SDcm02_sample.o
 .debug_line    0x00000191      0x311 sd_L3.o
 .debug_line    0x000004a2       0x44 sd_common.o
 .debug_line    0x000004e6      0x20e sd_L1.o
 .debug_line    0x000006f4       0xb2 sd_L2.o
 .debug_line    0x000007a6      0x15c delay.o
 .debug_line    0x00000902       0x88 d:/atmel studio/extensions/atmel/avrgcc/3.4.1.95/avrtoolchain/bin/../lib/gcc/avr/4.6.2/avr5\libgcc.a(_exit.o)
 .debug_line    0x0000098a       0x91 d:/atmel studio/extensions/atmel/avrgcc/3.4.1.95/avrtoolchain/bin/../lib/gcc/avr/4.6.2/avr5\libgcc.a(_copy_data.o)
 .debug_line    0x00000a1b       0x8e d:/atmel studio/extensions/atmel/avrgcc/3.4.1.95/avrtoolchain/bin/../lib/gcc/avr/4.6.2/avr5\libgcc.a(_clear_bss.o)

.debug_frame    0x00000000      0x758
 *(.debug_frame)
 .debug_frame   0x00000000       0x68 SDcm02_sample.o
 .debug_frame   0x00000068      0x3d4 sd_L3.o
 .debug_frame   0x0000043c       0x24 sd_common.o
 .debug_frame   0x00000460      0x214 sd_L1.o
 .debug_frame   0x00000674       0xa8 sd_L2.o
 .debug_frame   0x0000071c       0x3c delay.o

.debug_str      0x00000000      0x662
 *(.debug_str)
 .debug_str     0x00000000      0x1b9 SDcm02_sample.o
                                0x210 (size before relaxing)
 .debug_str     0x000001b9      0x2e7 sd_L3.o
                                0x498 (size before relaxing)
 .debug_str     0x000004a0       0x19 sd_common.o
                                 0x6b (size before relaxing)
 .debug_str     0x000004b9       0xb5 sd_L1.o
                                0x170 (size before relaxing)
 .debug_str     0x0000056e       0x70 sd_L2.o
                                0x127 (size before relaxing)
 .debug_str     0x000005de       0x84 delay.o
                                0x118 (size before relaxing)

.debug_loc      0x00000000     0x26a7
 *(.debug_loc)
 .debug_loc     0x00000000       0xab SDcm02_sample.o
 .debug_loc     0x000000ab     0x187b sd_L3.o
 .debug_loc     0x00001926       0x47 sd_common.o
 .debug_loc     0x0000196d      0x98c sd_L1.o
 .debug_loc     0x000022f9      0x341 sd_L2.o
 .debug_loc     0x0000263a       0x6d delay.o

.debug_macinfo
 *(.debug_macinfo)
OUTPUT(SDcm02_sample.elf elf32-avr)
LOAD linker stubs

.debug_ranges   0x00000000      0x128
 .debug_ranges  0x00000000       0x18 SDcm02_sample.o
 .debug_ranges  0x00000018       0xb0 sd_L3.o
 .debug_ranges  0x000000c8       0x60 sd_L1.o
